{"event": "run_start", "run_id": "run_20260429_083013", "sample_count": 172, "inference_mode": "without_red_rectangle"}
{"event": "object_inference", "index": 1, "sample_idx": 0, "image_id": "cabc30fc-e7726578", "image": "cabc30fc-e7726578.jpg", "obj_id": 0, "box": [574, 376, 600, 415], "gt_label": "traffic sign", "pred_label": "traffic light", "pred_confidence": 0.8395465612411499, "latency_ms": 67976.71009999976}
{"event": "object_inference", "index": 2, "sample_idx": 1, "image_id": "cabc30fc-e7726578", "image": "cabc30fc-e7726578.jpg", "obj_id": 1, "box": [653, 404, 666, 422], "gt_label": "traffic sign", "pred_label": "traffic light", "pred_confidence": 0.84218829870224, "latency_ms": 54621.03620000016}
{"event": "object_inference", "index": 3, "sample_idx": 2, "image_id": "cabc30fc-e7726578", "image": "cabc30fc-e7726578.jpg", "obj_id": 2, "box": [736, 432, 752, 443], "gt_label": "car", "pred_label": "traffic light", "pred_confidence": 0.6536844968795776, "latency_ms": 56314.89640000109}
{"event": "object_inference", "index": 4, "sample_idx": 3, "image_id": "cabc30fc-e7726578", "image": "cabc30fc-e7726578.jpg", "obj_id": 3, "box": [725, 429, 742, 451], "gt_label": "car", "pred_label": "traffic light", "pred_confidence": 0.7918280363082886, "latency_ms": 57199.258100001316}
{"event": "object_inference", "index": 5, "sample_idx": 4, "image_id": "cabc30fc-e7726578", "image": "cabc30fc-e7726578.jpg", "obj_id": 4, "box": [642, 426, 661, 444], "gt_label": "car", "pred_label": "traffic light", "pred_confidence": 0.8972113728523254, "latency_ms": 59084.787399999186}
{"event": "object_inference", "index": 6, "sample_idx": 5, "image_id": "cabc30fc-e7726578", "image": "cabc30fc-e7726578.jpg", "obj_id": 5, "box": [612, 428, 657, 462], "gt_label": "car", "pred_label": "traffic light", "pred_confidence": 0.8628158569335938, "latency_ms": 60945.53090000045}
{"event": "object_inference", "index": 7, "sample_idx": 6, "image_id": "cabc30fc-e7726578", "image": "cabc30fc-e7726578.jpg", "obj_id": 6, "box": [654, 414, 734, 487], "gt_label": "car", "pred_label": "traffic light", "pred_confidence": 0.8174495697021484, "latency_ms": 63695.23489999847}
{"event": "object_inference", "index": 8, "sample_idx": 7, "image_id": "cabc30fc-e7726578", "image": "cabc30fc-e7726578.jpg", "obj_id": 7, "box": [462, 404, 593, 508], "gt_label": "car", "pred_label": "car", "pred_confidence": 0.9439572095870972, "latency_ms": 62731.19550000047}
{"event": "object_inference", "index": 9, "sample_idx": 8, "image_id": "cabc30fc-e772657xxxx", "image": "cabc30fc-e772657xxxx.jpg", "obj_id": 0, "box": [574, 376, 600, 415], "gt_label": "traffic sign", "pred_label": "car", "pred_confidence": 0.8806776404380798, "latency_ms": 67303.57719999847}
{"event": "object_inference", "index": 10, "sample_idx": 9, "image_id": "cabc30fc-e772657xxxx", "image": "cabc30fc-e772657xxxx.jpg", "obj_id": 1, "box": [653, 404, 666, 422], "gt_label": "traffic sign", "pred_label": "car", "pred_confidence": 0.8424981236457825, "latency_ms": 67140.06039999913}
{"event": "object_inference", "index": 11, "sample_idx": 10, "image_id": "cabc30fc-e772657xxxx", "image": "cabc30fc-e772657xxxx.jpg", "obj_id": 2, "box": [736, 432, 752, 443], "gt_label": "car", "pred_label": "car", "pred_confidence": 0.8493127226829529, "latency_ms": 59625.26760000037}
{"event": "object_inference", "index": 12, "sample_idx": 11, "image_id": "cabc30fc-e772657xxxx", "image": "cabc30fc-e772657xxxx.jpg", "obj_id": 3, "box": [725, 429, 742, 451], "gt_label": "car", "pred_label": "car", "pred_confidence": 0.9131981134414673, "latency_ms": 62054.79009999908}
{"event": "object_inference", "index": 13, "sample_idx": 12, "image_id": "cabc30fc-e772657xxxx", "image": "cabc30fc-e772657xxxx.jpg", "obj_id": 4, "box": [642, 426, 661, 444], "gt_label": "car", "pred_label": "car", "pred_confidence": 0.9318012595176697, "latency_ms": 63233.539500000916}
{"event": "object_inference", "index": 14, "sample_idx": 13, "image_id": "cabc30fc-e772657xxxx", "image": "cabc30fc-e772657xxxx.jpg", "obj_id": 5, "box": [612, 428, 657, 462], "gt_label": "car", "pred_label": "car", "pred_confidence": 0.9853605628013611, "latency_ms": 62817.237999999634}
{"event": "object_inference", "index": 15, "sample_idx": 14, "image_id": "cabc30fc-e772657xxxx", "image": "cabc30fc-e772657xxxx.jpg", "obj_id": 6, "box": [654, 414, 734, 487], "gt_label": "car", "pred_label": "car", "pred_confidence": 0.9946967363357544, "latency_ms": 61868.07450000015}
{"event": "object_inference", "index": 16, "sample_idx": 15, "image_id": "cabc30fc-e772657xxxx", "image": "cabc30fc-e772657xxxx.jpg", "obj_id": 7, "box": [462, 404, 593, 508], "gt_label": "car", "pred_label": "car", "pred_confidence": 0.9985590577125549, "latency_ms": 61941.522900000564}
{"event": "object_inference", "index": 17, "sample_idx": 16, "image_id": "cabc30fc-eb673c5a", "image": "cabc30fc-eb673c5a.jpg", "obj_id": 0, "box": [0, 296, 272, 529], "gt_label": "car", "pred_label": "car", "pred_confidence": 0.996664822101593, "latency_ms": 61692.44710000021}
{"event": "object_inference", "index": 18, "sample_idx": 17, "image_id": "cabc30fc-eb673c5a", "image": "cabc30fc-eb673c5a.jpg", "obj_id": 1, "box": [312, 401, 433, 480], "gt_label": "car", "pred_label": "car", "pred_confidence": 0.830142080783844, "latency_ms": 62227.166299999226}
{"event": "object_inference", "index": 19, "sample_idx": 18, "image_id": "cabc30fc-eb673c5a", "image": "cabc30fc-eb673c5a.jpg", "obj_id": 2, "box": [647, 428, 663, 462], "gt_label": "car", "pred_label": "traffic light", "pred_confidence": 0.8196089267730713, "latency_ms": 62990.4518000003}
{"event": "ob   ject_inference", "index": 20, "sample_idx": 19, "image_id": "cabc30fc-eb673c5a", "image": "cabc30fc-eb673c5a.jpg", "obj_id": 3, "box": [663, 436, 686, 455], "gt_label": "car", "pred_label": "traffic light", "pred_confidence": 0.8165029883384705, "latency_ms": 62349.60130000036}
{"event": "object_inference", "index": 21, "sample_idx": 20, "image_id": "cabc30fc-eb673c5a", "image": "cabc30fc-eb673c5a.jpg", "obj_id": 4, "box": [547, 384, 602, 479], "gt_label": "truck", "pred_label": "traffic light", "pred_confidence": 0.7256947755813599, "latency_ms": 62935.07040000077}
{"event": "object_inference", "index": 22, "sample_idx": 21, "image_id": "cabc30fc-eb673c5a", "image": "cabc30fc-eb673c5a.jpg", "obj_id": 5, "box": [435, 369, 586, 513], "gt_label": "car", "pred_label": "car", "pred_confidence": 0.976691722869873, "latency_ms": 62122.44959999953}
{"event": "object_inference", "index": 23, "sample_idx": 22, "image_id": "cabc30fc-eb673c5a", "image": "cabc30fc-eb673c5a.jpg", "obj_id": 6, "box": [602, 425, 649, 470], "gt_label": "car", "pred_label": "traffic light", "pred_confidence": 0.8788099884986877, "latency_ms": 62670.02710000088}
{"event": "object_inference", "index": 24, "sample_idx": 23, "image_id": "cabc30fc-eb673c5a", "image": "cabc30fc-eb673c5a.jpg", "obj_id": 7, "box": [702, 428, 733, 453], "gt_label": "car", "pred_label": "traffic light", "pred_confidence": 0.7054731249809265, "latency_ms": 62508.023700000194}
{"event": "object_inference", "index": 25, "sample_idx": 24, "image_id": "cabc30fc-eb673c5a", "image": "cabc30fc-eb673c5a.jpg", "obj_id": 8, "box": [923, 362, 959, 397], "gt_label": "traffic sign", "pred_label": "traffic light", "pred_confidence": 0.5734013915061951, "latency_ms": 63506.08900000043}
{"event": "object_inference", "index": 26, "sample_idx": 25, "image_id": "cabc30fc-eb673c5a", "image": "cabc30fc-eb673c5a.jpg", "obj_id": 9, "box": [948, 435, 969, 449], "gt_label": "traffic sign", "pred_label": "traffic light", "pred_confidence": 0.7112123370170593, "latency_ms": 62327.32589999978}
{"event": "object_inference", "index": 27, "sample_idx": 26, "image_id": "cabc30fc-fd79926f", "image": "cabc30fc-fd79926f.jpg", "obj_id": 0, "box": [630, 439, 653, 456], "gt_label": "car", "pred_label": "pedestrian", "pred_confidence": 0.3752498924732208, "latency_ms": 62943.238400001064}
{"event": "object_inference", "index": 28, "sample_idx": 27, "image_id": "cabc30fc-fd79926f", "image": "cabc30fc-fd79926f.jpg", "obj_id": 1, "box": [607, 439, 626, 458], "gt_label": "car", "pred_label": "pedestrian", "pred_confidence": 0.38742733001708984, "latency_ms": 63131.98480000028}
{"event": "object_inference", "index": 29, "sample_idx": 28, "image_id": "cabc30fc-fd79926f", "image": "cabc30fc-fd79926f.jpg", "obj_id": 2, "box": [199, 382, 328, 488], "gt_label": "truck", "pred_label": "car", "pred_confidence": 0.7066256403923035, "latency_ms": 62804.329399999915}
{"event": "object_inference", "index": 30, "sample_idx": 29, "image_id": "cabc30fc-fd79926f", "image": "cabc30fc-fd79926f.jpg", "obj_id": 3, "box": [656, 420, 718, 479], "gt_label": "car", "pred_label": "pedestrian", "pred_confidence": 0.3038157522678375, "latency_ms": 63582.65179999944}
{"event": "object_inference", "index": 31, "sample_idx": 30, "image_id": "cabc30fc-fd79926f", "image": "cabc30fc-fd79926f.jpg", "obj_id": 4, "box": [302, 392, 593, 590], "gt_label": "car", "pred_label": "car", "pred_confidence": 0.9997805953025818, "latency_ms": 62587.76399999988}
{"event": "object_inference", "index": 32, "sample_idx": 31, "image_id": "cabc30fc-fd79926f", "image": "cabc30fc-fd79926f.jpg", "obj_id": 5, "box": [706, 427, 801, 505], "gt_label": "car", "pred_label": "pedestrian", "pred_confidence": 0.47899967432022095, "latency_ms": 63065.20820000151}
{"event": "object_inference", "index": 33, "sample_idx": 32, "image_id": "cabc30fc-fd79926f", "image": "cabc30fc-fd79926f.jpg", "obj_id": 7, "box": [820, 434, 835, 456], "gt_label": "rider", "pred_label": "pedestrian", "pred_confidence": 0.6512948274612427, "latency_ms": 63359.706500001266}
{"event": "object_inference", "index": 34, "sample_idx": 33, "image_id": "cabc30fc-fd79926f", "image": "cabc30fc-fd79926f.jpg", "obj_id": 12, "box": [863, 415, 876, 439], "gt_label": "traffic sign", "pred_label": "pedestrian", "pred_confidence": 0.7443218231201172, "latency_ms": 63108.94569999982}
{"event": "object_inference", "index": 35, "sample_idx": 34, "image_id": "cabc30fc-fd79926f", "image": "cabc30fc-fd79926f.jpg", "obj_id": 13, "box": [861, 384, 876, 409], "gt_label": "traffic sign", "pred_label": "pedestrian", "pred_confidence": 0.6974469423294067, "latency_ms": 63381.11049999861}
{"event": "object_inference", "index": 36, "sample_idx": 35, "image_id": "cabc9045-1b8282ba", "image": "cabc9045-1b8282ba.jpg", "obj_id": 0, "box": [259, 239, 345, 290], "gt_label": "car", "pred_label": "traffic light", "pred_confidence": 0.8220546245574951, "latency_ms": 62810.18960000074}
{"event": "object_inference", "index": 37, "sample_idx": 36, "image_id": "cabc9045-1b8282ba", "image": "cabc9045-1b8282ba.jpg", "obj_id": 1, "box": [905, 244, 933, 268], "gt_label": "car", "pred_label": "traffic light", "pred_confidence": 0.9837754368782043, "latency_ms": 62826.99259999936}
{"event": "object_inference", "index": 38, "sample_idx": 37, "image_id": "cabc9045-1b8282ba", "image": "cabc9045-1b8282ba.jpg", "obj_id": 2, "box": [926, 247, 966, 274], "gt_label": "car", "pred_label": "traffic light", "pred_confidence": 0.9316896796226501, "latency_ms": 63208.64939999956}
{"event": "object_inference", "index": 39, "sample_idx": 38, "image_id": "cabc9045-1b8282ba", "image": "cabc9045-1b8282ba.jpg", "obj_id": 3, "box": [960, 250, 992, 279], "gt_label": "car", "pred_label": "traffic light", "pred_confidence": 0.9512600898742676, "latency_ms": 63025.46149999944}
{"event": "object_inference", "index": 40, "sample_idx": 39, "image_id": "cabc9045-1b8282ba", "image": "cabc9045-1b8282ba.jpg", "obj_id": 4, "box": [987, 249, 1047, 284], "gt_label": "car", "pred_label": "traffic light", "pred_confidence": 0.7553526163101196, "latency_ms": 63337.448199999926}
{"event": "object_inference", "index": 41, "sample_idx": 40, "image_id": "cabc9045-1b8282ba", "image": "cabc9045-1b8282ba.jpg", "obj_id": 5, "box": [1008, 258, 1069, 291], "gt_label": "car", "pred_label": "car", "pred_confidence": 0.6019788384437561, "latency_ms": 62021.15319999939}
{"event": "object_inference", "index": 42, "sample_idx": 41, "image_id": "cabc9045-1b8282ba", "image": "cabc9045-1b8282ba.jpg", "obj_id": 6, "box": [1054, 263, 1102, 303], "gt_label": "car", "pred_label": "car", "pred_confidence": 0.6163844466209412, "latency_ms": 62180.58790000032}
{"event": "object_inference", "index": 43, "sample_idx": 42, "image_id": "cabc9045-1b8282ba", "image": "cabc9045-1b8282ba.jpg", "obj_id": 7, "box": [1099, 254, 1185, 311], "gt_label": "car", "pred_label": "car", "pred_confidence": 0.5756780505180359, "latency_ms": 62435.11810000018}
{"event": "object_inference", "index": 44, "sample_idx": 43, "image_id": "cabc9045-1b8282ba", "image": "cabc9045-1b8282ba.jpg", "obj_id": 8, "box": [1160, 258, 1276, 335], "gt_label": "car", "pred_label": "car", "pred_confidence": 0.8535609841346741, "latency_ms": 62346.999100000176}
{"event": "object_inference", "index": 45, "sample_idx": 44, "image_id": "cabc9045-1b8282ba", "image": "cabc9045-1b8282ba.jpg", "obj_id": 9, "box": [108, 240, 262, 311], "gt_label": "car", "pred_label": "car", "pred_confidence": 0.7768953442573547, "latency_ms": 62394.45949999936}
{"event": "object_inference", "index": 46, "sample_idx": 45, "image_id": "cabc9045-1b8282ba", "image": "cabc9045-1b8282ba.jpg", "obj_id": 10, "box": [470, 233, 527, 272], "gt_label": "car", "pred_label": "traffic light", "pred_confidence": 0.973446249961853, "latency_ms": 63340.3083000012}
{"event": "object_inference", "index": 47, "sample_idx": 46, "image_id": "cabc9045-1b8282ba", "image": "cabc9045-1b8282ba.jpg", "obj_id": 11, "box": [560, 239, 595, 262], "gt_label": "car", "pred_label": "traffic light", "pred_confidence": 0.9829733371734619, "latency_ms": 62604.6664000005}
{"event": "object_inference", "index": 48, "sample_idx": 47, "image_id": "cabc9045-1b8282ba", "image": "cabc9045-1b8282ba.jpg", "obj_id": 12, "box": [616, 238, 638, 255], "gt_label": "car", "pred_label": "traffic light", "pred_confidence": 0.9902338981628418, "latency_ms": 62541.815399999905}
{"event": "object_inference", "index": 49, "sample_idx": 48, "image_id": "cabc9045-1b8282ba", "image": "cabc9045-1b8282ba.jpg", "obj_id": 13, "box": [636, 237, 665, 254], "gt_label": "car", "pred_label": "traffic light", "pred_confidence": 0.9890507459640503, "latency_ms": 62615.15970000073}
{"event": "object_inference", "index": 50, "sample_idx": 49, "image_id": "cabc9045-1b8282ba", "image": "cabc9045-1b8282ba.jpg", "obj_id": 14, "box": [809, 242, 828, 255], "gt_label": "car", "pred_label": "traffic light", "pred_confidence": 0.9918636083602905, "latency_ms": 62931.98610000036}
{"event": "object_inference", "index": 51, "sample_idx": 50, "image_id": "cabc9045-1b8282ba", "image": "cabc9045-1b8282ba.jpg", "obj_id": 15, "box": [793, 240, 808, 250], "gt_label": "car", "pred_label": "traffic light", "pred_confidence": 0.9918078780174255, "latency_ms": 62672.33759999908}
{"event": "object_inference", "index": 52, "sample_idx": 51, "image_id": "cabc9045-1b8282ba", "image": "cabc9045-1b8282ba.jpg", "obj_id": 16, "box": [710, 238, 751, 260], "gt_label": "car", "pred_label": "traffic light", "pred_confidence": 0.9938434362411499, "latency_ms": 63026.69160000005}
{"event": "object_inference", "index": 53, "sample_idx": 52, "image_id": "cabc9045-1b8282ba", "image": "cabc9045-1b8282ba.jpg", "obj_id": 17, "box": [821, 241, 876, 280], "gt_label": "car", "pred_label": "traffic light", "pred_confidence": 0.9070384502410889, "latency_ms": 62429.29689999983}
{"event": "object_inference", "index": 54, "sample_idx": 53, "image_id": "cabc9045-1b8282ba", "image": "cabc9045-1b8282ba.jpg", "obj_id": 18, "box": [689, 9, 712, 56], "gt_label": "traffic light", "pred_label": "traffic light", "pred_confidence": 0.9999960660934448, "latency_ms": 61769.733900000574}
{"event": "object_inference", "index": 55, "sample_idx": 54, "image_id": "cabc9045-1b8282ba", "image": "cabc9045-1b8282ba.jpg", "obj_id": 20, "box": [751, 192, 761, 205], "gt_label": "traffic light", "pred_label": "traffic light", "pred_confidence": 0.9986094236373901, "latency_ms": 62990.0918000003}
{"event": "object_inference", "index": 56, "sample_idx": 55, "image_id": "cabc9045-1b8282ba", "image": "cabc9045-1b8282ba.jpg", "obj_id": 21, "box": [757, 209, 767, 224], "gt_label": "traffic light", "pred_label": "traffic light", "pred_confidence": 0.9981523156166077, "latency_ms": 63034.474000000046}
{"event": "object_inference", "index": 57, "sample_idx": 56, "image_id": "cabc9045-1b8282ba", "image": "cabc9045-1b8282ba.jpg", "obj_id": 23, "box": [473, 98, 503, 126], "gt_label": "traffic sign", "pred_label": "traffic light", "pred_confidence": 0.9952848553657532, "latency_ms": 62733.693199999834}
{"event": "object_inference", "index": 58, "sample_idx": 57, "image_id": "cabc9045-1b8282ba", "image": "cabc9045-1b8282ba.jpg", "obj_id": 24, "box": [667, 0, 686, 48], "gt_label": "traffic sign", "pred_label": "traffic light", "pred_confidence": 0.9992927312850952, "latency_ms": 61969.58199999972}
{"event": "object_inference", "index": 59, "sample_idx": 58, "image_id": "cabc9045-1b8282ba", "image": "cabc9045-1b8282ba.jpg", "obj_id": 26, "box": [878, 228, 889, 238], "gt_label": "traffic sign", "pred_label": "traffic light", "pred_confidence": 0.9953752160072327, "latency_ms": 58618.913400001475}
{"event": "object_inference", "index": 60, "sample_idx": 59, "image_id": "cabc9045-1b8282ba", "image": "cabc9045-1b8282ba.jpg", "obj_id": 27, "box": [1046, 1, 1059, 16], "gt_label": "traffic light", "pred_label": "traffic light", "pred_confidence": 0.9944861531257629, "latency_ms": 74393.37889999842}
{"event": "object_inference", "index": 61, "sample_idx": 60, "image_id": "cabc9045-1b8282ba", "image": "cabc9045-1b8282ba.jpg", "obj_id": 28, "box": [1033, 0, 1046, 17], "gt_label": "traffic light", "pred_label": "traffic light", "pred_confidence": 0.9952547550201416, "latency_ms": 63465.15890000046}
{"event": "object_inference", "index": 62, "sample_idx": 61, "image_id": "cabc9045-1b8282ba", "image": "cabc9045-1b8282ba.jpg", "obj_id": 29, "box": [998, 0, 1009, 16], "gt_label": "traffic light", "pred_label": "traffic light", "pred_confidence": 0.9979690909385681, "latency_ms": 72110.45550000017}
{"event": "object_inference", "index": 63, "sample_idx": 62, "image_id": "cabc9045-1b8282ba", "image": "cabc9045-1b8282ba.jpg", "obj_id": 30, "box": [987, 2, 997, 17], "gt_label": "traffic light", "pred_label": "traffic light", "pred_confidence": 0.9976668357849121, "latency_ms": 66875.49620000027}
{"event": "object_inference", "index": 64, "sample_idx": 63, "image_id": "cabc9045-1b8282ba", "image": "cabc9045-1b8282ba.jpg", "obj_id": 31, "box": [768, 239, 788, 254], "gt_label": "car", "pred_label": "traffic light", "pred_confidence": 0.9939295053482056, "latency_ms": 63566.21180000002}
{"event": "object_inference", "index": 65, "sample_idx": 64, "image_id": "cabc9045-581f64de", "image": "cabc9045-581f64de.jpg", "obj_id": 0, "box": [550, 184, 567, 200], "gt_label": "traffic light", "pred_label": "traffic light", "pred_confidence": 0.9993888139724731, "latency_ms": 62572.50480000039}
{"event": "object_inference", "index": 66, "sample_idx": 65, "image_id": "cabc9045-581f64de", "image": "cabc9045-581f64de.jpg", "obj_id": 1, "box": [682, 201, 695, 211], "gt_label": "traffic light", "pred_label": "traffic light", "pred_confidence": 0.9991518259048462, "latency_ms": 64891.513399999894}
{"event": "object_inference", "index": 67, "sample_idx": 66, "image_id": "cabc9045-581f64de", "image": "cabc9045-581f64de.jpg", "obj_id": 3, "box": [848, 257, 867, 280], "gt_label": "traffic sign", "pred_label": "traffic light", "pred_confidence": 0.9888612627983093, "latency_ms": 63944.41790000019}
{"event": "object_inference", "index": 68, "sample_idx": 67, "image_id": "cabc9045-581f64de", "image": "cabc9045-581f64de.jpg", "obj_id": 5, "box": [1146, 296, 1207, 376], "gt_label": "traffic sign", "pred_label": "traffic light", "pred_confidence": 0.7552929520606995, "latency_ms": 60426.98210000162}
{"event": "object_inference", "index": 69, "sample_idx": 68, "image_id": "cabc9045-581f64de", "image": "cabc9045-581f64de.jpg", "obj_id": 7, "box": [260, 260, 273, 270], "gt_label": "car", "pred_label": "traffic light", "pred_confidence": 0.9629529714584351, "latency_ms": 63051.5961000001}
{"event": "object_inference", "index": 70, "sample_idx": 69, "image_id": "cabc9045-581f64de", "image": "cabc9045-581f64de.jpg", "obj_id": 8, "box": [205, 257, 229, 270], "gt_label": "car", "pred_label": "traffic light", "pred_confidence": 0.9406126141548157, "latency_ms": 65629.8474999985}
{"event": "object_inference", "index": 71, "sample_idx": 70, "image_id": "cabc9045-581f64de", "image": "cabc9045-581f64de.jpg", "obj_id": 9, "box": [184, 263, 204, 273], "gt_label": "car", "pred_label": "traffic light", "pred_confidence": 0.8756846785545349, "latency_ms": 91473.70199999932}
{"event": "object_inference", "index": 72, "sample_idx": 71, "image_id": "cabc9045-581f64de", "image": "cabc9045-581f64de.jpg", "obj_id": 10, "box": [159, 260, 178, 274], "gt_label": "car", "pred_label": "traffic light", "pred_confidence": 0.90879887342453, "latency_ms": 118465.59610000077}
{"event": "object_inference", "index": 73, "sample_idx": 72, "image_id": "cabc9045-581f64de", "image": "cabc9045-581f64de.jpg", "obj_id": 11, "box": [122, 259, 156, 275], "gt_label": "car", "pred_label": "traffic light", "pred_confidence": 0.9023393988609314, "latency_ms": 181458.35089999856}
{"event": "object_inference", "index": 74, "sample_idx": 73, "image_id": "cabc9045-581f64de", "image": "cabc9045-581f64de.jpg", "obj_id": 12, "box": [232, 257, 256, 275], "gt_label": "car", "pred_label": "traffic light", "pred_confidence": 0.9269529581069946, "latency_ms": 126307.53619999814}
{"event": "object_inference", "index": 75, "sample_idx": 74, "image_id": "cabc9045-581f64de", "image": "cabc9045-581f64de.jpg", "obj_id": 13, "box": [527, 265, 569, 288], "gt_label": "car", "pred_label": "traffic light", "pred_confidence": 0.8729565739631653, "latency_ms": 154423.7073000004}
{"event": "object_inference", "index": 76, "sample_idx": 75, "image_id": "cabc9045-581f64de", "image": "cabc9045-581f64de.jpg", "obj_id": 14, "box": [570, 264, 606, 286], "gt_label": "car", "pred_label": "traffic light", "pred_confidence": 0.9420077204704285, "latency_ms": 182296.67809999955}
{"event": "object_inference", "index": 77, "sample_idx": 76, "image_id": "cabc9045-581f64de", "image": "cabc9045-581f64de.jpg", "obj_id": 15, "box": [604, 265, 656, 300], "gt_label": "car", "pred_label": "traffic light", "pred_confidence": 0.8606893420219421, "latency_ms": 149744.79580000116}
{"event": "object_inference", "index": 78, "sample_idx": 77, "image_id": "cabc9045-581f64de", "image": "cabc9045-581f64de.jpg", "obj_id": 16, "box": [657, 269, 721, 302], "gt_label": "car", "pred_label": "traffic light", "pred_confidence": 0.9598144292831421, "latency_ms": 122104.5927999985}
{"event": "object_inference", "index": 79, "sample_idx": 78, "image_id": "cabc9045-581f64de", "image": "cabc9045-581f64de.jpg", "obj_id": 17, "box": [722, 264, 778, 293], "gt_label": "car", "pred_label": "traffic light", "pred_confidence": 0.9820863008499146, "latency_ms": 106694.20829999945}
{"event": "object_inference", "index": 80, "sample_idx": 79, "image_id": "cabc9045-581f64de", "image": "cabc9045-581f64de.jpg", "obj_id": 18, "box": [890, 273, 962, 300], "gt_label": "car", "pred_label": "traffic light", "pred_confidence": 0.9436261653900146, "latency_ms": 99772.73699999932}
{"event": "object_inference", "index": 81, "sample_idx": 80, "image_id": "cabc9045-581f64de", "image": "cabc9045-581f64de.jpg", "obj_id": 21, "box": [722, 7, 898, 82], "gt_label": "traffic sign", "pred_label": "traffic sign", "pred_confidence": 0.9735344052314758, "latency_ms": 98623.65830000272}
{"event": "object_inference", "index": 82, "sample_idx": 81, "image_id": "cabc9045-5a50690f", "image": "cabc9045-5a50690f.jpg", "obj_id": 0, "box": [629, 202, 640, 217], "gt_label": "traffic light", "pred_label": "traffic light", "pred_confidence": 0.9979740977287292, "latency_ms": 94340.91749999789}
{"event": "object_inference", "index": 83, "sample_idx": 82, "image_id": "cabc9045-5a50690f", "image": "cabc9045-5a50690f.jpg", "obj_id": 1, "box": [606, 205, 617, 215], "gt_label": "traffic light", "pred_label": "traffic light", "pred_confidence": 0.9980085492134094, "latency_ms": 120652.93520000341}
{"event": "object_inference", "index": 84, "sample_idx": 83, "image_id": "cabc9045-5a50690f", "image": "cabc9045-5a50690f.jpg", "obj_id": 3, "box": [610, 241, 623, 253], "gt_label": "car", "pred_label": "traffic light", "pred_confidence": 0.9938971400260925, "latency_ms": 116562.10470000224}
{"event": "object_inference", "index": 85, "sample_idx": 84, "image_id": "cabc9045-5a50690f", "image": "cabc9045-5a50690f.jpg", "obj_id": 4, "box": [517, 238, 558, 252], "gt_label": "car", "pred_label": "traffic light", "pred_confidence": 0.9446170926094055, "latency_ms": 120034.61699999752}
{"event": "object_inference", "index": 86, "sample_idx": 85, "image_id": "cabc9045-5a50690f", "image": "cabc9045-5a50690f.jpg", "obj_id": 5, "box": [480, 234, 514, 249], "gt_label": "car", "pred_label": "traffic light", "pred_confidence": 0.9764261841773987, "latency_ms": 159481.0206000002}
{"event": "object_inference", "index": 87, "sample_idx": 86, "image_id": "cabc9045-5a50690f", "image": "cabc9045-5a50690f.jpg", "obj_id": 6, "box": [435, 236, 474, 254], "gt_label": "car", "pred_label": "traffic light", "pred_confidence": 0.9591825604438782, "latency_ms": 146022.63830000084}
{"event": "object_inference", "index": 88, "sample_idx": 87, "image_id": "cabc9045-5a50690f", "image": "cabc9045-5a50690f.jpg", "obj_id": 7, "box": [770, 235, 804, 257], "gt_label": "car", "pred_label": "traffic light", "pred_confidence": 0.9658823609352112, "latency_ms": 179784.56729999743}
{"event": "object_inference", "index": 89, "sample_idx": 88, "image_id": "cabc9045-5a50690f", "image": "cabc9045-5a50690f.jpg", "obj_id": 8, "box": [798, 251, 869, 278], "gt_label": "car", "pred_label": "traffic light", "pred_confidence": 0.6624587774276733, "latency_ms": 130828.98790000036}
{"event": "object_inference", "index": 90, "sample_idx": 89, "image_id": "cabc9045-5a50690f", "image": "cabc9045-5a50690f.jpg", "obj_id": 9, "box": [616, 240, 665, 279], "gt_label": "car", "pred_label": "traffic light", "pred_confidence": 0.8211427330970764, "latency_ms": 155311.1613000001}
{"event": "object_inference", "index": 91, "sample_idx": 90, "image_id": "cabc9045-5a50690f", "image": "cabc9045-5a50690f.jpg", "obj_id": 10, "box": [559, 240, 601, 273], "gt_label": "car", "pred_label": "traffic light", "pred_confidence": 0.8722826838493347, "latency_ms": 96614.28289999822}
{"event": "object_inference", "index": 92, "sample_idx": 91, "image_id": "cabc9045-5a50690f", "image": "cabc9045-5a50690f.jpg", "obj_id": 11, "box": [691, 210, 704, 223], "gt_label": "traffic light", "pred_label": "traffic light", "pred_confidence": 0.9940927624702454, "latency_ms": 131653.42939999755}
{"event": "object_inference", "index": 93, "sample_idx": 92, "image_id": "cabc9045-5a50690f", "image": "cabc9045-5a50690f.jpg", "obj_id": 12, "box": [738, 221, 749, 231], "gt_label": "traffic light", "pred_label": "traffic light", "pred_confidence": 0.9958544969558716, "latency_ms": 146927.18400000012}
{"event": "object_inference", "index": 94, "sample_idx": 93, "image_id": "cabc9045-b3349548", "image": "cabc9045-b3349548.jpg", "obj_id": 0, "box": [245, 146, 280, 190], "gt_label": "traffic sign", "pred_label": "traffic light", "pred_confidence": 0.8632017970085144, "latency_ms": 138295.81749999852}
{"event": "object_inference", "index": 95, "sample_idx": 94, "image_id": "cabc9045-b3349548", "image": "cabc9045-b3349548.jpg", "obj_id": 1, "box": [247, 191, 275, 220], "gt_label": "traffic sign", "pred_label": "traffic light", "pred_confidence": 0.8411257863044739, "latency_ms": 90430.53300000247}
{"event": "object_inference", "index": 96, "sample_idx": 95, "image_id": "cabc9045-b3349548", "image": "cabc9045-b3349548.jpg", "obj_id": 2, "box": [386, 200, 413, 224], "gt_label": "traffic sign", "pred_label": "traffic light", "pred_confidence": 0.8718926310539246, "latency_ms": 194421.16339999848}
{"event": "object_inference", "index": 97, "sample_idx": 96, "image_id": "cabc9045-b3349548", "image": "cabc9045-b3349548.jpg", "obj_id": 3, "box": [538, 165, 591, 188], "gt_label": "traffic sign", "pred_label": "traffic light", "pred_confidence": 0.6842461228370667, "latency_ms": 113750.94330000138}
{"event": "object_inference", "index": 98, "sample_idx": 97, "image_id": "cabc9045-b3349548", "image": "cabc9045-b3349548.jpg", "obj_id": 4, "box": [936, 161, 1006, 190], "gt_label": "traffic sign", "pred_label": "traffic light", "pred_confidence": 0.917453944683075, "latency_ms": 104626.10060000225}
{"event": "object_inference", "index": 99, "sample_idx": 98, "image_id": "cabc9045-b3349548", "image": "cabc9045-b3349548.jpg", "obj_id": 5, "box": [783, 203, 793, 217], "gt_label": "traffic light", "pred_label": "traffic light", "pred_confidence": 0.9783607721328735, "latency_ms": 75101.52820000076}
{"event": "object_inference", "index": 100, "sample_idx": 99, "image_id": "cabc9045-b3349548", "image": "cabc9045-b3349548.jpg", "obj_id": 8, "box": [580, 202, 590, 216], "gt_label": "traffic sign", "pred_label": "traffic light", "pred_confidence": 0.9577323198318481, "latency_ms": 69432.47200000042}
{"event": "object_inference", "index": 101, "sample_idx": 100, "image_id": "cabc9045-b3349548", "image": "cabc9045-b3349548.jpg", "obj_id": 10, "box": [494, 229, 514, 239], "gt_label": "car", "pred_label": "traffic light", "pred_confidence": 0.8235830068588257, "latency_ms": 69236.92429999937}
{"event": "object_inference", "index": 102, "sample_idx": 101, "image_id": "cabc9045-b3349548", "image": "cabc9045-b3349548.jpg", "obj_id": 11, "box": [522, 229, 543, 239], "gt_label": "car", "pred_label": "traffic light", "pred_confidence": 0.8319615125656128, "latency_ms": 71409.67680000176}
{"event": "object_inference", "index": 103, "sample_idx": 102, "image_id": "cabc9045-b3349548", "image": "cabc9045-b3349548.jpg", "obj_id": 12, "box": [560, 225, 598, 246], "gt_label": "car", "pred_label": "traffic light", "pred_confidence": 0.5085318684577942, "latency_ms": 71893.23519999743}
{"event": "object_inference", "index": 104, "sample_idx": 103, "image_id": "cabc9045-b3349548", "image": "cabc9045-b3349548.jpg", "obj_id": 13, "box": [624, 229, 640, 248], "gt_label": "car", "pred_label": "traffic light", "pred_confidence": 0.8368151187896729, "latency_ms": 76336.73249999993}
{"event": "object_inference", "index": 105, "sample_idx": 104, "image_id": "cabc9045-b3349548", "image": "cabc9045-b3349548.jpg", "obj_id": 14, "box": [635, 143, 785, 306], "gt_label": "car", "pred_label": "bus", "pred_confidence": 0.5912717580795288, "latency_ms": 70782.48840000015}
{"event": "object_inference", "index": 106, "sample_idx": 105, "image_id": "cabc9045-c6dc9529", "image": "cabc9045-c6dc9529.jpg", "obj_id": 0, "box": [886, 177, 989, 242], "gt_label": "traffic sign", "pred_label": "traffic light", "pred_confidence": 0.7401400208473206, "latency_ms": 69022.77490000051}
{"event": "object_inference", "index": 107, "sample_idx": 106, "image_id": "cabc9045-c6dc9529", "image": "cabc9045-c6dc9529.jpg", "obj_id": 3, "box": [635, 263, 646, 275], "gt_label": "car", "pred_label": "traffic light", "pred_confidence": 0.9307346343994141, "latency_ms": 76937.96959999963}
{"event": "object_inference", "index": 108, "sample_idx": 107, "image_id": "cabc9045-c6dc9529", "image": "cabc9045-c6dc9529.jpg", "obj_id": 6, "box": [604, 262, 615, 272], "gt_label": "car", "pred_label": "traffic light", "pred_confidence": 0.904623806476593, "latency_ms": 66890.20159999927}
{"event": "object_inference", "index": 109, "sample_idx": 108, "image_id": "cabc9045-c6dc9529", "image": "cabc9045-c6dc9529.jpg", "obj_id": 7, "box": [585, 258, 600, 270], "gt_label": "car", "pred_label": "traffic light", "pred_confidence": 0.9270567893981934, "latency_ms": 69774.1681999978}
{"event": "object_inference", "index": 110, "sample_idx": 109, "image_id": "cabc9045-c6dc9529", "image": "cabc9045-c6dc9529.jpg", "obj_id": 8, "box": [572, 261, 598, 283], "gt_label": "car", "pred_label": "traffic light", "pred_confidence": 0.8080078363418579, "latency_ms": 62598.26039999825}
{"event": "object_inference", "index": 111, "sample_idx": 110, "image_id": "cabc9045-c6dc9529", "image": "cabc9045-c6dc9529.jpg", "obj_id": 9, "box": [566, 265, 576, 277], "gt_label": "car", "pred_label": "traffic light", "pred_confidence": 0.9270369410514832, "latency_ms": 59157.00939999806}
{"event": "object_inference", "index": 112, "sample_idx": 111, "image_id": "cabc9045-c6dc9529", "image": "cabc9045-c6dc9529.jpg", "obj_id": 10, "box": [543, 264, 565, 279], "gt_label": "car", "pred_label": "traffic light", "pred_confidence": 0.8676225543022156, "latency_ms": 59170.78250000122}
{"event": "object_inference", "index": 113, "sample_idx": 112, "image_id": "cabc9045-c6dc9529", "image": "cabc9045-c6dc9529.jpg", "obj_id": 11, "box": [470, 263, 510, 290], "gt_label": "car", "pred_label": "traffic light", "pred_confidence": 0.6060386896133423, "latency_ms": 66518.50780000314}
{"event": "object_inference", "index": 114, "sample_idx": 113, "image_id": "cabc9045-c6dc9529", "image": "cabc9045-c6dc9529.jpg", "obj_id": 12, "box": [437, 262, 466, 296], "gt_label": "car", "pred_label": "traffic light", "pred_confidence": 0.7461090087890625, "latency_ms": 70073.64950000192}
{"event": "object_inference", "index": 115, "sample_idx": 114, "image_id": "cabc9045-c6dc9529", "image": "cabc9045-c6dc9529.jpg", "obj_id": 13, "box": [391, 259, 441, 303], "gt_label": "car", "pred_label": "traffic light", "pred_confidence": 0.5462003946304321, "latency_ms": 60677.81810000088}
{"event": "object_inference", "index": 116, "sample_idx": 115, "image_id": "cabc9045-c6dc9529", "image": "cabc9045-c6dc9529.jpg", "obj_id": 14, "box": [335, 257, 405, 305], "gt_label": "car", "pred_label": "car", "pred_confidence": 0.5834792852401733, "latency_ms": 66695.14400000116}
{"event": "object_inference", "index": 117, "sample_idx": 116, "image_id": "cabc9045-c6dc9529", "image": "cabc9045-c6dc9529.jpg", "obj_id": 15, "box": [224, 247, 346, 326], "gt_label": "car", "pred_label": "car", "pred_confidence": 0.9443362951278687, "latency_ms": 59228.79819999798}
{"event": "object_inference", "index": 118, "sample_idx": 117, "image_id": "cabc9045-c6dc9529", "image": "cabc9045-c6dc9529.jpg", "obj_id": 16, "box": [206, 270, 228, 310], "gt_label": "car", "pred_label": "traffic light", "pred_confidence": 0.813330888748169, "latency_ms": 56608.17590000079}
{"event": "object_inference", "index": 119, "sample_idx": 118, "image_id": "cabc9045-c6dc9529", "image": "cabc9045-c6dc9529.jpg", "obj_id": 17, "box": [154, 267, 206, 315], "gt_label": "car", "pred_label": "car", "pred_confidence": 0.698092520236969, "latency_ms": 59186.99320000087}
{"event": "object_inference", "index": 120, "sample_idx": 119, "image_id": "cabc9045-c6dc9529", "image": "cabc9045-c6dc9529.jpg", "obj_id": 18, "box": [81, 265, 150, 324], "gt_label": "car", "pred_label": "car", "pred_confidence": 0.8960718512535095, "latency_ms": 74739.6336999991}
{"event": "object_inference", "index": 121, "sample_idx": 120, "image_id": "cabc9045-c6dc9529", "image": "cabc9045-c6dc9529.jpg", "obj_id": 19, "box": [0, 259, 83, 354], "gt_label": "car", "pred_label": "car", "pred_confidence": 0.9977201819419861, "latency_ms": 65951.70810000127}
{"event": "object_inference", "index": 122, "sample_idx": 121, "image_id": "cabc9045-cd422b81", "image": "cabc9045-cd422b81.jpg", "obj_id": 1, "box": [633, 250, 645, 261], "gt_label": "traffic light", "pred_label": "traffic light", "pred_confidence": 0.9964945912361145, "latency_ms": 66472.5612000002}
{"event": "object_inference", "index": 123, "sample_idx": 122, "image_id": "cabc9045-cd422b81", "image": "cabc9045-cd422b81.jpg", "obj_id": 2, "box": [651, 268, 663, 278], "gt_label": "car", "pred_label": "traffic light", "pred_confidence": 0.9966613054275513, "latency_ms": 71924.42300000039}
{"event": "object_inference", "index": 124, "sample_idx": 123, "image_id": "cabc9045-cd422b81", "image": "cabc9045-cd422b81.jpg", "obj_id": 3, "box": [660, 268, 674, 283], "gt_label": "car", "pred_label": "traffic light", "pred_confidence": 0.9971338510513306, "latency_ms": 65366.81640000097}
{"event": "object_inference", "index": 125, "sample_idx": 124, "image_id": "cabc9045-cd422b81", "image": "cabc9045-cd422b81.jpg", "obj_id": 4, "box": [670, 268, 691, 287], "gt_label": "car", "pred_label": "traffic light", "pred_confidence": 0.9969329833984375, "latency_ms": 70566.58590000006}
{"event": "object_inference", "index": 126, "sample_idx": 125, "image_id": "cabc9045-cd422b81", "image": "cabc9045-cd422b81.jpg", "obj_id": 5, "box": [688, 264, 717, 295], "gt_label": "car", "pred_label": "traffic light", "pred_confidence": 0.9945183396339417, "latency_ms": 65009.68450000073}
{"event": "object_inference", "index": 127, "sample_idx": 126, "image_id": "cabc9045-cd422b81", "image": "cabc9045-cd422b81.jpg", "obj_id": 6, "box": [707, 263, 732, 300], "gt_label": "car", "pred_label": "traffic light", "pred_confidence": 0.9956443309783936, "latency_ms": 64593.48680000039}
{"event": "object_inference", "index": 128, "sample_idx": 127, "image_id": "cabc9045-cd422b81", "image": "cabc9045-cd422b81.jpg", "obj_id": 7, "box": [370, 259, 415, 303], "gt_label": "car", "pred_label": "traffic light", "pred_confidence": 0.7846477031707764, "latency_ms": 68733.76020000069}
{"event": "object_inference", "index": 129, "sample_idx": 128, "image_id": "cabc9045-cd422b81", "image": "cabc9045-cd422b81.jpg", "obj_id": 8, "box": [250, 249, 375, 312], "gt_label": "car", "pred_label": "car", "pred_confidence": 0.9362685680389404, "latency_ms": 60875.328800000716}
{"event": "object_inference", "index": 130, "sample_idx": 129, "image_id": "cabc9045-cd422b81", "image": "cabc9045-cd422b81.jpg", "obj_id": 9, "box": [560, 259, 594, 280], "gt_label": "car", "pred_label": "traffic light", "pred_confidence": 0.985476553440094, "latency_ms": 59657.561899999564}
{"event": "object_inference", "index": 131, "sample_idx": 130, "image_id": "cabc9045-cd422b81", "image": "cabc9045-cd422b81.jpg", "obj_id": 10, "box": [524, 256, 559, 282], "gt_label": "car", "pred_label": "traffic light", "pred_confidence": 0.9844696521759033, "latency_ms": 61912.38800000065}
{"event": "object_inference", "index": 132, "sample_idx": 131, "image_id": "cabc9045-cd422b81", "image": "cabc9045-cd422b81.jpg", "obj_id": 11, "box": [467, 254, 522, 293], "gt_label": "car", "pred_label": "traffic light", "pred_confidence": 0.9447603821754456, "latency_ms": 65000.767099998484}
{"event": "object_inference", "index": 133, "sample_idx": 132, "image_id": "cabc9045-cd422b81", "image": "cabc9045-cd422b81.jpg", "obj_id": 12, "box": [722, 264, 778, 309], "gt_label": "car", "pred_label": "traffic light", "pred_confidence": 0.9862555265426636, "latency_ms": 192347.96220000135}
{"event": "object_inference", "index": 134, "sample_idx": 133, "image_id": "cabc9045-cd422b81", "image": "cabc9045-cd422b81.jpg", "obj_id": 13, "box": [1, 236, 89, 357], "gt_label": "car", "pred_label": "car", "pred_confidence": 0.98457932472229, "latency_ms": 196157.91839999656}
{"event": "object_inference", "index": 135, "sample_idx": 134, "image_id": "cabc9045-d91ecb66", "image": "cabc9045-d91ecb66.jpg", "obj_id": 0, "box": [1206, 0, 1263, 90], "gt_label": "traffic sign", "pred_label": "traffic light", "pred_confidence": 0.954345703125, "latency_ms": 198048.60550000012}
{"event": "object_inference", "index": 136, "sample_idx": 135, "image_id": "cabc9045-d91ecb66", "image": "cabc9045-d91ecb66.jpg", "obj_id": 1, "box": [652, 192, 690, 206], "gt_label": "traffic sign", "pred_label": "traffic light", "pred_confidence": 0.9974677562713623, "latency_ms": 198545.0407999997}
{"event": "object_inference", "index": 137, "sample_idx": 136, "image_id": "cabc9045-d91ecb66", "image": "cabc9045-d91ecb66.jpg", "obj_id": 3, "box": [496, 191, 510, 204], "gt_label": "traffic light", "pred_label": "traffic light", "pred_confidence": 0.997480571269989, "latency_ms": 198414.42259999894}
{"event": "object_inference", "index": 138, "sample_idx": 137, "image_id": "cabc9045-d91ecb66", "image": "cabc9045-d91ecb66.jpg", "obj_id": 4, "box": [640, 190, 653, 204], "gt_label": "traffic light", "pred_label": "traffic light", "pred_confidence": 0.9988424181938171, "latency_ms": 191561.06229999932}
{"event": "object_inference", "index": 139, "sample_idx": 138, "image_id": "cabc9045-d91ecb66", "image": "cabc9045-d91ecb66.jpg", "obj_id": 8, "box": [711, 224, 724, 239], "gt_label": "traffic light", "pred_label": "traffic light", "pred_confidence": 0.9977040886878967, "latency_ms": 182253.33239999964}
{"event": "object_inference", "index": 140, "sample_idx": 139, "image_id": "cabc9045-d91ecb66", "image": "cabc9045-d91ecb66.jpg", "obj_id": 9, "box": [991, 194, 1008, 217], "gt_label": "traffic light", "pred_label": "traffic light", "pred_confidence": 0.9896148443222046, "latency_ms": 81304.95599999995}
{"event": "object_inference", "index": 141, "sample_idx": 140, "image_id": "cabc9045-d91ecb66", "image": "cabc9045-d91ecb66.jpg", "obj_id": 10, "box": [475, 232, 509, 247], "gt_label": "car", "pred_label": "traffic light", "pred_confidence": 0.9778655767440796, "latency_ms": 86349.76290000122}
{"event": "object_inference", "index": 142, "sample_idx": 141, "image_id": "cabc9045-d91ecb66", "image": "cabc9045-d91ecb66.jpg", "obj_id": 11, "box": [439, 231, 470, 261], "gt_label": "car", "pred_label": "traffic light", "pred_confidence": 0.954673707485199, "latency_ms": 102858.54380000092}
{"event": "object_inference", "index": 143, "sample_idx": 142, "image_id": "cabc9045-d91ecb66", "image": "cabc9045-d91ecb66.jpg", "obj_id": 12, "box": [412, 229, 443, 256], "gt_label": "car", "pred_label": "traffic light", "pred_confidence": 0.9477173089981079, "latency_ms": 82968.64579999965}
{"event": "object_inference", "index": 144, "sample_idx": 143, "image_id": "cabc9045-d91ecb66", "image": "cabc9045-d91ecb66.jpg", "obj_id": 13, "box": [387, 224, 423, 244], "gt_label": "car", "pred_label": "traffic light", "pred_confidence": 0.9682939052581787, "latency_ms": 84975.41139999885}
{"event": "object_inference", "index": 145, "sample_idx": 144, "image_id": "cabc9045-d91ecb66", "image": "cabc9045-d91ecb66.jpg", "obj_id": 14, "box": [377, 245, 428, 273], "gt_label": "car", "pred_label": "traffic light", "pred_confidence": 0.8538812398910522, "latency_ms": 81157.0845999995}
{"event": "object_inference", "index": 146, "sample_idx": 145, "image_id": "cabc9045-d91ecb66", "image": "cabc9045-d91ecb66.jpg", "obj_id": 15, "box": [317, 240, 379, 279], "gt_label": "car", "pred_label": "traffic light", "pred_confidence": 0.6539646983146667, "latency_ms": 80974.1283000003}
{"event": "object_inference", "index": 147, "sample_idx": 146, "image_id": "cabc9045-d91ecb66", "image": "cabc9045-d91ecb66.jpg", "obj_id": 16, "box": [37, 197, 312, 337], "gt_label": "car", "pred_label": "car", "pred_confidence": 0.9926007390022278, "latency_ms": 80159.63080000074}
{"event": "object_inference", "index": 148, "sample_idx": 147, "image_id": "cabc9045-d91ecb66", "image": "cabc9045-d91ecb66.jpg", "obj_id": 17, "box": [548, 242, 597, 264], "gt_label": "car", "pred_label": "traffic light", "pred_confidence": 0.9525274038314819, "latency_ms": 165756.32979999864}
{"event": "object_inference", "index": 149, "sample_idx": 148, "image_id": "cabc9045-d91ecb66", "image": "cabc9045-d91ecb66.jpg", "obj_id": 18, "box": [518, 245, 540, 269], "gt_label": "car", "pred_label": "traffic light", "pred_confidence": 0.987733006477356, "latency_ms": 177064.90719999783}
{"event": "object_inference", "index": 150, "sample_idx": 149, "image_id": "cabc9045-d91ecb66", "image": "cabc9045-d91ecb66.jpg", "obj_id": 19, "box": [474, 245, 521, 274], "gt_label": "car", "pred_label": "traffic light", "pred_confidence": 0.903599739074707, "latency_ms": 129859.06840000098}
{"event": "object_inference", "index": 151, "sample_idx": 150, "image_id": "cabc9045-d91ecb66", "image": "cabc9045-d91ecb66.jpg", "obj_id": 20, "box": [596, 243, 607, 258], "gt_label": "car", "pred_label": "traffic light", "pred_confidence": 0.9953922033309937, "latency_ms": 86887.42560000173}
{"event": "object_inference", "index": 152, "sample_idx": 151, "image_id": "cabc9045-d91ecb66", "image": "cabc9045-d91ecb66.jpg", "obj_id": 21, "box": [603, 245, 619, 258], "gt_label": "car", "pred_label": "traffic light", "pred_confidence": 0.9944230914115906, "latency_ms": 89100.5894000009}
{"event": "object_inference", "index": 153, "sample_idx": 152, "image_id": "cabc9045-d91ecb66", "image": "cabc9045-d91ecb66.jpg", "obj_id": 22, "box": [622, 245, 634, 260], "gt_label": "car", "pred_label": "traffic light", "pred_confidence": 0.9962072372436523, "latency_ms": 90620.50850000014}
{"event": "object_inference", "index": 154, "sample_idx": 153, "image_id": "cabc9045-d91ecb66", "image": "cabc9045-d91ecb66.jpg", "obj_id": 23, "box": [634, 248, 646, 263], "gt_label": "car", "pred_label": "traffic light", "pred_confidence": 0.9961967468261719, "latency_ms": 82326.68990000093}
{"event": "object_inference", "index": 155, "sample_idx": 154, "image_id": "cabc9045-d91ecb66", "image": "cabc9045-d91ecb66.jpg", "obj_id": 24, "box": [641, 247, 664, 266], "gt_label": "car", "pred_label": "traffic light", "pred_confidence": 0.9949684739112854, "latency_ms": 81561.73660000059}
{"event": "object_inference", "index": 156, "sample_idx": 155, "image_id": "cabc9045-d91ecb66", "image": "cabc9045-d91ecb66.jpg", "obj_id": 25, "box": [682, 254, 701, 287], "gt_label": "car", "pred_label": "traffic light", "pred_confidence": 0.9939262270927429, "latency_ms": 81094.42230000059}
{"event": "object_inference", "index": 157, "sample_idx": 156, "image_id": "cabc9045-d91ecb66", "image": "cabc9045-d91ecb66.jpg", "obj_id": 26, "box": [693, 238, 720, 291], "gt_label": "car", "pred_label": "traffic light", "pred_confidence": 0.9931921362876892, "latency_ms": 134617.82970000058}
{"event": "object_inference", "index": 158, "sample_idx": 157, "image_id": "cabc9045-d91ecb66", "image": "cabc9045-d91ecb66.jpg", "obj_id": 27, "box": [705, 235, 777, 296], "gt_label": "car", "pred_label": "traffic light", "pred_confidence": 0.9752139449119568, "latency_ms": 63699.545299998135}
{"event": "object_inference", "index": 159, "sample_idx": 158, "image_id": "cabc9045-d91ecb66", "image": "cabc9045-d91ecb66.jpg", "obj_id": 28, "box": [766, 243, 839, 324], "gt_label": "car", "pred_label": "traffic light", "pred_confidence": 0.5320526361465454, "latency_ms": 61837.96950000033}
{"event": "object_inference", "index": 160, "sample_idx": 159, "image_id": "cabc9045-d91ecb66", "image": "cabc9045-d91ecb66.jpg", "obj_id": 29, "box": [808, 222, 1021, 350], "gt_label": "car", "pred_label": "car", "pred_confidence": 0.9739453792572021, "latency_ms": 106515.52249999804}
{"event": "object_inference", "index": 161, "sample_idx": 160, "image_id": "cabc9045-d91ecb66", "image": "cabc9045-d91ecb66.jpg", "obj_id": 30, "box": [948, 238, 1278, 455], "gt_label": "car", "pred_label": "car", "pred_confidence": 0.9999552965164185, "latency_ms": 68502.18200000018}
{"event": "object_inference", "index": 162, "sample_idx": 161, "image_id": "cabddb96-ca0ac856", "image": "cabddb96-ca0ac856.jpg", "obj_id": 0, "box": [688, 262, 705, 292], "gt_label": "car", "pred_label": "traffic light", "pred_confidence": 0.7761923670768738, "latency_ms": 66105.99360000197}
{"event": "object_inference", "index": 163, "sample_idx": 162, "image_id": "cabddb96-ca0ac856", "image": "cabddb96-ca0ac856.jpg", "obj_id": 1, "box": [702, 264, 742, 275], "gt_label": "car", "pred_label": "traffic light", "pred_confidence": 0.8034647107124329, "latency_ms": 63941.25180000265}
{"event": "object_inference", "index": 164, "sample_idx": 163, "image_id": "cabddb96-ca0ac856", "image": "cabddb96-ca0ac856.jpg", "obj_id": 2, "box": [705, 271, 758, 318], "gt_label": "car", "pred_label": "traffic light", "pred_confidence": 0.501495897769928, "latency_ms": 61167.19150000063}
{"event": "object_inference", "index": 165, "sample_idx": 164, "image_id": "cabddb96-ca0ac856", "image": "cabddb96-ca0ac856.jpg", "obj_id": 3, "box": [766, 252, 943, 381], "gt_label": "car", "pred_label": "car", "pred_confidence": 0.9734210968017578, "latency_ms": 65079.42859999821}
